[www.huntsville364.org/index.html]
[backblue.gif]
[fade.gif]
[index.html]
[www.huntsville364.org/favicon.ico]
[www.huntsville364.org/css/bootstrap.min.css]
[www.huntsville364.org/css/style.css]
[www.huntsville364.org/css/font-awesome.css]
[www.huntsville364.org/css/animate.css]
[www.huntsville364.org/index-2.html]
[www.huntsville364.org/history.html]
[www.huntsville364.org/members.html]
[www.huntsville364.org/education.html]
[www.huntsville364.org/yorkrite.html]
[www.huntsville364.org/links.html]
[www.huntsville364.org/img/mainCompass.png]
[www.huntsville364.org/img/masonic_altar.png]
[www.huntsville364.org/Installation Program 2022.jpg]
[www.huntsville364.org/img/grandLodgeAR.png]
[www.huntsville364.org/img/grandChapter.png]
[www.huntsville364.org/img/grandCouncil.png]
[www.huntsville364.org/img/grandEncampment.png]
[www.huntsville364.org/img/AASAsj.png]
[www.huntsville364.org/js/bootstrap.min.js]
[www.huntsville364.org/js/jquery-scrolltofixed.js]
[www.huntsville364.org/js/jquery.nav.js]
[www.huntsville364.org/js/jquery.easing.1.3.js]
[www.huntsville364.org/js/jquery-1.11.0.min.js]
[www.huntsville364.org/js/wow.js]
[www.huntsville364.org/js/custom.js]
[www.huntsville364.org/js/accordion.js]
[www.huntsville364.org/js/jquery.isotope.js]
[www.huntsville364.org/index.html]
[www.huntsville364.org/css/bootstrap.min.css]
[www.huntsville364.org/css/style.css]
[www.huntsville364.org/fonts/fontawesome-webfont78ce.eot]
[www.huntsville364.org/fonts/fontawesome-webfontd41d.eot]
[www.huntsville364.org/fonts/fontawesome-webfont78ce.woff]
[www.huntsville364.org/fonts/fontawesome-webfont78ce.ttf]
[www.huntsville364.org/css/font-awesome.css]
[www.huntsville364.org/css/animate.css]
[www.huntsville364.org/index-2.html]
[www.huntsville364.org/css/yorkstyle.css]
[www.huntsville364.org/img/lodgePicture.jpg]
[www.huntsville364.org/img/1800LodgeRoom.jpg]
[www.huntsville364.org/img/lodgePainting.jpg]
[www.huntsville364.org/img/hvmassImage.jpg]
[www.huntsville364.org/The Huntsville Massacre ppt.pdf]
[www.huntsville364.org/The Huntsville Massacre text.pdf]
[www.huntsville364.org/history.html]
[www.huntsville364.org/img/masonic_gavel.png]
[www.huntsville364.org/img/masonic_coffin.png]
[www.huntsville364.org/members.html]
[www.huntsville364.org/img/SquareCompass.jpg]
[www.huntsville364.org/img/Square.png]
[www.huntsville364.org/img/education.jpg]
[www.huntsville364.org/St. John the Evangelist.pdf]
[www.huntsville364.org/St. John the Evangelist.pptx]
[www.huntsville364.org/Corn, wine and oil.pdf]
[www.huntsville364.org/Corn, wine and oil ppt.pptx]
[www.huntsville364.org/Masonic Calendars.pdf]
[www.huntsville364.org/Masonic Calendars.pptx]
[www.huntsville364.org/temple.html]
[www.huntsville364.org/1st degree indentured apprentice.pdf]
[www.huntsville364.org/2nd degree the Fellow of the Craft.pdf]
[www.huntsville364.org/prichard.pdf]
[www.huntsville364.org/education.html]
[www.huntsville364.org/img/yorkRiteMain.png]
[www.huntsville364.org/img/yorkLadder.jpg]
[www.huntsville364.org/img/symLodgeSymbol.png]
[www.huntsville364.org/img/chapterSymbol.png]
[www.huntsville364.org/img/councilSymbol.png]
[www.huntsville364.org/img/commSymbol.png]
[www.huntsville364.org/img/coin.jpg]
[www.huntsville364.org/img/gavel.png]
[www.huntsville364.org/img/mark_master.png]
[www.huntsville364.org/img/royal_arch_triangle.png]
[www.huntsville364.org/img/holy_vessels.jpg]
[www.huntsville364.org/img/temple_KS.jpg]
[www.huntsville364.org/img/court_king.jpg]
[www.huntsville364.org/img/crossConstantine.png]
[www.huntsville364.org/img/crossMalta.png]
[www.huntsville364.org/img/templarSymbol.png]
[www.huntsville364.org/yorkrite.html]
[www.huntsville364.org/links.html]
[www.huntsville364.org/img/masonic_altar.png]
[www.huntsville364.org/fonts/glyphicons-halflings-regular.html]
[www.huntsville364.org/fonts/glyphicons-halflings-regulard41d.html]
[www.huntsville364.org/fonts/glyphicons-halflings-regular-2.html]
[www.huntsville364.org/fonts/glyphicons-halflings-regular-3.html]
[www.huntsville364.org/fonts/glyphicons-halflings-regular-4.html]
[www.huntsville364.org/css/images/zoom.html]
[www.huntsville364.org/css/images/close.html]
[www.huntsville364.org/css/images/project_slider_right.html]
[www.huntsville364.org/css/images/project_slider_left.html]
[www.huntsville364.org/css/images/info.html]
[www.huntsville364.org/fonts/fontawesome-webfont78ce.svg]
[www.huntsville364.org/favicon.html]
[www.huntsville364.org/css/yorkstyle.css]
[www.huntsville364.org/The Huntsville Massacre ppt.pdf]
[www.huntsville364.org/The Huntsville Massacre text.pdf]
[www.huntsville364.org/img/Square.png]
[www.huntsville364.org/St. John the Evangelist.pdf]
[www.huntsville364.org/Corn, wine and oil.pdf]
[www.huntsville364.org/Corn, wine and oil ppt.pptx]
[www.huntsville364.org/Masonic Calendars.pdf]
[www.huntsville364.org/css/temple.css]
[www.huntsville364.org/Temple pics/temple1.jpg]
[www.huntsville364.org/Temple pics/temple2.jpg]
[www.huntsville364.org/Temple pics/temple4.jpg]
[www.huntsville364.org/Temple pics/temple5.jpg]
[www.huntsville364.org/Temple pics/temple6.jpg]
[www.huntsville364.org/Temple pics/temple8.jpg]
[www.huntsville364.org/Temple pics/temple9.jpg]
[www.huntsville364.org/Temple pics/temple10.jpg]
[www.huntsville364.org/Temple pics/temple7.jpg]
[www.huntsville364.org/Temple pics/temple19.jpg]
[www.huntsville364.org/Temple pics/temple20.jpg]
[www.huntsville364.org/Temple pics/temple21.jpg]
[www.huntsville364.org/Temple pics/temple11.jpg]
[www.huntsville364.org/Temple pics/temple12.gif]
[www.huntsville364.org/Temple pics/temple13.jpg]
[www.huntsville364.org/Temple pics/temple14.jpg]
[www.huntsville364.org/Temple pics/temple17.jpg]
[www.huntsville364.org/Temple pics/temple23.jpg]
[www.huntsville364.org/Temple pics/temple24.jpg]
[www.huntsville364.org/temple.html]
[www.huntsville364.org/img/yorkRiteMain.png]
[www.huntsville364.org/chapter.html]
[www.huntsville364.org/img/chapterSymbol.png]
[www.huntsville364.org/council.html]
[www.huntsville364.org/commandery.html]
[www.huntsville364.org/img/commSymbol.png]
[www.huntsville364.org/img/crossMalta.png]
[www.huntsville364.org/css/temple.css]
